// Jest Snapshot v1, https://goo.gl/fbAQLP

exports[`Homepage matches snapshot 1`] = `
<DocumentFragment>
  <div
    class="container"
  >
    <main>
      <h1>
        Hello, World!
      </h1>
    </main>
  </div>
</DocumentFragment>
`;
